// Jest Snapshot v1, https://goo.gl/fbAQLP

exports[`Pruebas en <GifGrid /> Debe mostrar <GifGrid /> correctamente 1`] = `
<Fragment>
  <h3
    className="animate__animated animate__fadeIn"
  >
    shingeki
  </h3>
  <p
    className="animate__animated animate__flash"
  >
    loading
  </p>
  <div
    className="card-grid animate__animated animate__fadeIn"
  />
</Fragment>
`;
