// Jest Snapshot v1, https://goo.gl/fbAQLP

exports[`Pruebas de <AppRouter /> Debe mostrarse un snapshot correctamente 1`] = `
<div>
  <nav
    className="navbar navbar-expand-sm navbar-dark bg-dark"
  >
    <div
      className="container-fluid"
    >
      <a
        aria-current="page"
        className="navbar-brand active"
        href="/"
        onClick={[Function]}
      >
        useContext App
      </a>
      <div
        className="collapse navbar-collapse"
        id="navbarNavAltMarkup"
      >
        <div
          className="navbar-nav"
        >
          <a
            activeClassName="active"
            aria-current="page"
            className="nav-link active"
            exact="true"
            href="/"
            onClick={[Function]}
          >
            Home
          </a>
          <a
            activeClassName="active"
            className="nav-link"
            exact="true"
            href="/about"
            onClick={[Function]}
          >
            About
          </a>
          <a
            activeClassName="active"
            className="nav-link"
            exact="true"
            href="/login"
            onClick={[Function]}
          >
            Login
          </a>
        </div>
      </div>
    </div>
  </nav>
  <div
    className="container"
  >
    Array [
      <h1>
        HomeScreen
      </h1>,
      <hr />,
      <pre />,
    ]
  </div>
</div>
`;
